// Vitest Snapshot v1, https://vitest.dev/guide/snapshot.html

exports[`Page Metadata component > all props 1`] = `"<title>Meta title</title><meta property="og:title" content="OpenGraph title"><meta name="description" content="Meta description"><meta property="og:description" content="OpenGraph description"><link rel="canonical" href="https://production.dev/example/"><meta property="og:url" content="https://production.dev/example/"><link rel="alternate" href="https://test.dev/example-alt/"><meta property="og:type" content="article"><meta property="og:image" content="https://test.dev/assets/page-thumbnail.png"><meta property="og:image:alt" content="Alt text"><meta property="og:image:height" content="300"><meta property="og:image:width" content="900">"`;

exports[`Page Metadata component > minimal props 1`] = `"<title>Test page - Guillem Andreu</title><meta property="og:title" content="Test page - Guillem Andreu"><link rel="canonical" href="https://test.dev/example/"><meta property="og:url" content="https://test.dev/example/"><meta property="og:type" content="website">"`;

exports[`Page Metadata component > with OpenGraph properties 1`] = `"<title>Test page - Guillem Andreu</title><meta property="og:title" content="OpenGraph title"><meta property="og:description" content="OpenGraph description"><link rel="canonical" href="https://test.dev/example/"><meta property="og:url" content="https://test.dev/example/"><meta property="og:type" content="article">"`;

exports[`Page Metadata component > with default localised alternate 1`] = `"<title>Test page - Guillem Andreu</title><meta property="og:title" content="Test page - Guillem Andreu"><link rel="canonical" href="https://test.dev/de/example/"><meta property="og:url" content="https://test.dev/de/example/"><link rel="alternate" href="https://test.dev/example/" hreflang="x-default"><link rel="alternate" href="https://test.dev/de/example/" hreflang="de"><link rel="alternate" href="https://test.dev/example/" hreflang="en"><link rel="alternate" href="https://test.dev/es/example/" hreflang="es"><meta property="og:type" content="website">"`;

exports[`Page Metadata component > with external non-localised alternate 1`] = `"<title>Test page - Guillem Andreu</title><meta property="og:title" content="Test page - Guillem Andreu"><link rel="canonical" href="https://test.dev/example/"><meta property="og:url" content="https://test.dev/example/"><link rel="alternate" href="https://test-alt.dev/example/"><meta property="og:type" content="website">"`;

exports[`Page Metadata component > with external non-localised alternate as URL object 1`] = `"<title>Test page - Guillem Andreu</title><meta property="og:title" content="Test page - Guillem Andreu"><link rel="canonical" href="https://test.dev/example/"><meta property="og:url" content="https://test.dev/example/"><link rel="alternate" href="https://test-alt.dev/example/"><meta property="og:type" content="website">"`;

exports[`Page Metadata component > with image 1`] = `"<title>Test page - Guillem Andreu</title><meta property="og:title" content="Test page - Guillem Andreu"><link rel="canonical" href="https://test.dev/example/"><meta property="og:url" content="https://test.dev/example/"><meta property="og:type" content="website"><meta property="og:image" content="https://test.dev/assets/page-thumbnail.png"><meta property="og:image:alt" content="Alt text"><meta property="og:image:height" content="300"><meta property="og:image:width" content="900">"`;

exports[`Page Metadata component > with localised alternate 1`] = `"<title>Test page - Guillem Andreu</title><meta property="og:title" content="Test page - Guillem Andreu"><link rel="canonical" href="https://test.dev/example/"><meta property="og:url" content="https://test.dev/example/"><link rel="alternate" href="https://test.dev/example/" hreflang="x-default"><link rel="alternate" href="https://test.dev/example/" hreflang="en"><link rel="alternate" href="https://test.dev/de/example/" hreflang="de"><meta property="og:type" content="website">"`;

exports[`Page Metadata component > with non-localised alternate 1`] = `"<title>Test page - Guillem Andreu</title><meta property="og:title" content="Test page - Guillem Andreu"><link rel="canonical" href="https://test.dev/example/"><meta property="og:url" content="https://test.dev/example/"><link rel="alternate" href="https://test.dev/example-alt/"><meta property="og:type" content="website">"`;

exports[`Page Metadata component > with overwritten title and description 1`] = `"<title>Meta title</title><meta property="og:title" content="Meta title"><meta name="description" content="Meta description"><meta property="og:description" content="Meta description"><link rel="canonical" href="https://test.dev/example/"><meta property="og:url" content="https://test.dev/example/"><meta property="og:type" content="website">"`;

exports[`Page Metadata component > with overwritten title and description and OpenGraph properties 1`] = `"<title>Meta title</title><meta property="og:title" content="OpenGraph title"><meta name="description" content="Meta description"><meta property="og:description" content="OpenGraph description"><link rel="canonical" href="https://test.dev/example/"><meta property="og:url" content="https://test.dev/example/"><meta property="og:type" content="article">"`;
